// Jest Snapshot v1, https://goo.gl/fbAQLP

exports[`Menu should match snapshot. 1`] = `
<div
  className="tm-menu"
>
  <div
    className="tm-menu-content"
  >
    <div
      className="tm-menu-item-title"
    >
      foo
    </div>
    <div
      className="tm-menu-item"
    >
      <div>
        foo
      </div>
    </div>
    <div
      className="tm-menu-item-title"
    >
      bar
    </div>
    <div
      className="tm-menu-item"
    >
      <div>
        bar
      </div>
    </div>
  </div>
</div>
`;
