// Jest Snapshot v1, https://goo.gl/fbAQLP

exports[`Tabs should match snapshot. with two tabs. 1`] = `
<div
  className="tm-tabs"
>
  <ol
    className="tm-tabs-list"
  >
    <li
      className="tm-tab"
    >
      <div
        aria-label="Tab 1"
        className="tm-button"
        onClick={[Function]}
        onKeyPress={[Function]}
        role="button"
        tabIndex={0}
        title="Tab 1"
      >
        Tab 1
      </div>
    </li>
    <li
      className="tm-tab tm-active"
    >
      <div
        aria-label="Tab 2"
        className="tm-button"
        onClick={[Function]}
        onKeyPress={[Function]}
        role="button"
        tabIndex={0}
        title="Tab 2"
      >
        Tab 2
      </div>
    </li>
  </ol>
  <div
    className="tm-tabs-content"
  >
    Tab 2
  </div>
</div>
`;
