// Jest Snapshot v1, https://goo.gl/fbAQLP

exports[`BaseLayerToggler matches snapshots using default properties. 1`] = `
<div
  className="rs-base-layer-switcher"
>
  <div
    className="rs-base-layer-switcher-layers"
  >
    <div
      aria-label="Open Baselayer-Switcher"
      className="rs-base-layer-switcher-button rs-layer rs-active"
      onClick={[Function]}
      onKeyPress={[Function]}
      role="button"
      tabIndex="0"
      title="Open Baselayer-Switcher"
    >
      <div
        className="rs-base-layer-switcher-title rs-closed"
      >
        Base layers
      </div>
      <img
        alt="Source not found"
        className="rs-base-layer-switcher-image"
      />
    </div>
    <div
      aria-label="Open Baselayer-Switcher"
      className="rs-base-layer-switcher-button rs-layer"
      onClick={[Function]}
      onKeyPress={[Function]}
      role="button"
      tabIndex="-1"
      title="Open Baselayer-Switcher"
    >
      <div
        className="rs-base-layer-switcher-title rs-closed"
      >
        Base layers
      </div>
      <img
        alt="Source not found"
        className="rs-base-layer-switcher-image"
      />
    </div>
    <div
      aria-label="Open Baselayer-Switcher"
      className="rs-base-layer-switcher-button rs-layer"
      onClick={[Function]}
      onKeyPress={[Function]}
      role="button"
      tabIndex="-1"
      title="Open Baselayer-Switcher"
    >
      <div
        className="rs-base-layer-switcher-title rs-closed"
      >
        Base layers
      </div>
      <img
        alt="Source not found"
        className="rs-base-layer-switcher-image"
      />
    </div>
  </div>
</div>
`;
