// Jest Snapshot v1, https://goo.gl/fbAQLP

exports[`RouteSchedule matches snapshots. 1`] = `
<div class="rt-route-schedule">
  <div class="rt-route-header">
    <span class="rt-route-icon"
          style="background-color: rgb(255, 180, 0); color: black;"
    >
      3
    </span>
    <div class="rt-route-title">
      <span class="rt-route-name">
        Station name
      </span>
      <span>
        T 3 (3634)
      </span>
    </div>
    <div class="rt-route-buttons">
      <div>
        Button
      </div>
    </div>
  </div>
  <div class="rt-route-body">
    <div class="rt-route-station"
         role="button"
         tabindex="0"
    >
      <div class="rt-route-delay">
        <span>
          +1m
        </span>
      </div>
      <div class="rt-route-times">
        <span class="rt-route-time-arrival ">
          09:01
        </span>
        <span class="rt-route-time-departure ">
          09:01
        </span>
      </div>
      <img alt="routeScheduleLine"
           class="rt-route-icon"
           src="src"
      >
      <div class>
        first stop
      </div>
    </div>
    <div class="rt-route-station"
         role="button"
         tabindex="0"
    >
      <div class="rt-route-delay">
        <span>
          +0
        </span>
        <span>
          +2m
        </span>
      </div>
      <div class="rt-route-times">
        <span class="rt-route-time-arrival ">
          09:01
        </span>
        <span class="rt-route-time-departure ">
          09:01
        </span>
      </div>
      <img alt="routeScheduleLine"
           class="rt-route-icon"
           src="src"
      >
      <div class>
        second stop
      </div>
    </div>
    <div class="rt-route-station rt-no-stop"
         role="button"
         tabindex="0"
    >
      <div class="rt-route-delay">
      </div>
      <div class="rt-route-times">
        <span class="rt-route-time-arrival ">
        </span>
        <span class="rt-route-time-departure ">
        </span>
      </div>
      <img alt="routeScheduleLine"
           class="rt-route-icon"
           src="src"
      >
      <div class>
        no stop
      </div>
    </div>
    <div class="rt-route-station"
         role="button"
         tabindex="0"
    >
      <div class="rt-route-delay">
        <span>
          +4m
        </span>
      </div>
      <div class="rt-route-times">
        <span class="rt-route-time-arrival ">
          09:01
        </span>
        <span class="rt-route-time-departure ">
        </span>
      </div>
      <img alt="routeScheduleLine"
           class="rt-route-icon"
           src="src"
      >
      <div class>
        third stop
      </div>
    </div>
  </div>
  <div class="rt-route-footer">
    <span class="rt-route-copyright">
      <div class="rt-route-copyright-link">
        <a href="foo.ch"
           rel="noreferrer"
           target="_blank"
        >
          foo
        </a>
      </div>
      <span>
        &nbsp;-&nbsp;
      </span>
      <div class="rt-route-copyright-link">
        <a href="bar.ch"
           rel="noreferrer"
           target="_blank"
        >
          bar
        </a>
      </div>
    </span>
  </div>
</div>
`;
