// Jest Snapshot v1, https://goo.gl/fbAQLP

exports[`RouteSchedule matches snapshots. 1`] = `
<div
  className="rt-route-schedule"
>
  <div
    className="rt-route-header"
  >
    <span
      className="rt-route-icon"
      style={
        {
          "backgroundColor": "#ffb400",
          "color": "black",
        }
      }
    >
      3
    </span>
    <div
      className="rt-route-title"
    >
      <span
        className="rt-route-name"
      >
        Station name
      </span>
      <span>
        T 3
         (3634)
      </span>
    </div>
    <div
      className="rt-route-buttons"
    >
      <div>
        Button
      </div>
    </div>
  </div>
  <div
    className="rt-route-body"
  >
    <div
      className="rt-route-station"
      onClick={[Function]}
      onKeyPress={[Function]}
      role="button"
      tabIndex={0}
    >
      <div
        className="rt-route-delay"
      >
        <span
          className="rt-route-delay-departure green"
        >
          +1m
        </span>
      </div>
      <div
        className="rt-route-times"
      >
        <span
          className="rt-route-time-arrival "
        >
          09:01
        </span>
        <span
          className="rt-route-time-departure "
        >
          09:01
        </span>
      </div>
      <img
        alt="routeScheduleLine"
        className="rt-route-icon"
        src="src"
      />
      <div
        className=""
      >
        first stop
      </div>
    </div>
    <div
      className="rt-route-station"
      onClick={[Function]}
      onKeyPress={[Function]}
      role="button"
      tabIndex={0}
    >
      <div
        className="rt-route-delay"
      >
        <span
          className="rt-route-delay-arrival green"
        >
          +0
        </span>
        <span
          className="rt-route-delay-departure green"
        >
          +2m
        </span>
      </div>
      <div
        className="rt-route-times"
      >
        <span
          className="rt-route-time-arrival "
        >
          09:01
        </span>
        <span
          className="rt-route-time-departure "
        >
          09:01
        </span>
      </div>
      <img
        alt="routeScheduleLine"
        className="rt-route-icon"
        src="src"
      />
      <div
        className=""
      >
        second stop
      </div>
    </div>
    <div
      className="rt-route-station rt-no-stop"
      onClick={[Function]}
      onKeyPress={[Function]}
      role="button"
      tabIndex={0}
    >
      <div
        className="rt-route-delay"
      />
      <div
        className="rt-route-times"
      >
        <span
          className="rt-route-time-arrival "
        />
        <span
          className="rt-route-time-departure "
        />
      </div>
      <img
        alt="routeScheduleLine"
        className="rt-route-icon"
        src="src"
      />
      <div
        className=""
      >
        no stop
      </div>
    </div>
    <div
      className="rt-route-station"
      onClick={[Function]}
      onKeyPress={[Function]}
      role="button"
      tabIndex={0}
    >
      <div
        className="rt-route-delay"
      >
        <span
          className="rt-route-delay-arrival orange"
        >
          +4m
        </span>
      </div>
      <div
        className="rt-route-times"
      >
        <span
          className="rt-route-time-arrival "
        >
          09:01
        </span>
        <span
          className="rt-route-time-departure "
        />
      </div>
      <img
        alt="routeScheduleLine"
        className="rt-route-icon"
        src="src"
      />
      <div
        className=""
      >
        third stop
      </div>
    </div>
  </div>
  <div
    className="rt-route-footer"
  >
    <span
      className="rt-route-copyright"
    >
      <div
        className="rt-route-copyright-link"
      >
        <a
          href="foo.ch"
          rel="noreferrer"
          target="_blank"
        >
          foo
        </a>
      </div>
      <span>
         - 
      </span>
      <div
        className="rt-route-copyright-link"
      >
        <a
          href="bar.ch"
          rel="noreferrer"
          target="_blank"
        >
          bar
        </a>
      </div>
    </span>
  </div>
</div>
`;
